
> the-susmita-collection@0.1.0 build
> npm run db:sync && prisma generate && next build


> the-susmita-collection@0.1.0 db:sync
> prisma db execute --schema prisma/schema.prisma --file prisma/patches/razorpay-order-fields.sql && prisma db push --skip-generate && prisma db execute --schema prisma/schema.prisma --file prisma/patches/managed-offers.sql && prisma db execute --schema prisma/schema.prisma --file prisma/patches/category-banner-placements.sql && prisma db execute --schema prisma/schema.prisma --file prisma/patches/quantity-offers.sql && prisma db execute --schema prisma/schema.prisma --file prisma/patches/inventory-opening-stock.sql

warn The configuration property `package.json#prisma` is deprecated and will be removed in Prisma 7. Please migrate to a Prisma config file (e.g., `prisma.config.ts`).
For more information, see: https://pris.ly/prisma-config

Script executed successfully.
warn The configuration property `package.json#prisma` is deprecated and will be removed in Prisma 7. Please migrate to a Prisma config file (e.g., `prisma.config.ts`).
For more information, see: https://pris.ly/prisma-config

Environment variables loaded from .env
Prisma schema loaded from prisma\schema.prisma
Datasource "db": PostgreSQL database "the_susmita_collection", schema "public" at "localhost:5432"

The database is already in sync with the Prisma schema.

warn The configuration property `package.json#prisma` is deprecated and will be removed in Prisma 7. Please migrate to a Prisma config file (e.g., `prisma.config.ts`).
For more information, see: https://pris.ly/prisma-config

Script executed successfully.
warn The configuration property `package.json#prisma` is deprecated and will be removed in Prisma 7. Please migrate to a Prisma config file (e.g., `prisma.config.ts`).
For more information, see: https://pris.ly/prisma-config

Script executed successfully.
warn The configuration property `package.json#prisma` is deprecated and will be removed in Prisma 7. Please migrate to a Prisma config file (e.g., `prisma.config.ts`).
For more information, see: https://pris.ly/prisma-config

Script executed successfully.
warn The configuration property `package.json#prisma` is deprecated and will be removed in Prisma 7. Please migrate to a Prisma config file (e.g., `prisma.config.ts`).
For more information, see: https://pris.ly/prisma-config

Script executed successfully.
warn The configuration property `package.json#prisma` is deprecated and will be removed in Prisma 7. Please migrate to a Prisma config file (e.g., `prisma.config.ts`).
For more information, see: https://pris.ly/prisma-config

Environment variables loaded from .env
Prisma schema loaded from prisma\schema.prisma
Error: 
EPERM: operation not permitted, rename 'H:\NEXTJS\vayziq\lib\generated\prisma-suppliers\query_engine-windows.dll.node.tmp18616' -> 'H:\NEXTJS\vayziq\lib\generated\prisma-suppliers\query_engine-windows.dll.node'


